Testing the improved workflow output structure.

This tests:
- Removal of redundant suggestions section
- Reordered specific improvements (commits first)